// Jest Snapshot v1, https://goo.gl/fbAQLP

exports[`<SCLAlertButton /> renders correctly 1`] = `
ShallowWrapper {
  Symbol(enzyme.__root__): [Circular],
  Symbol(enzyme.__unrendered__): <SCLAlertButton
    containerStyle={
      Object {
        "marginTop": 50,
      }
    }
    onPress={[MockFunction]}
    textStyle={
      Object {
        "fontSize": 20,
      }
    }
    theme="default"
  >
    Lorem
  </SCLAlertButton>,
  Symbol(enzyme.__renderer__): Object {
    "batchedUpdates": [Function],
    "checkPropTypes": [Function],
    "getNode": [Function],
    "render": [Function],
    "simulateError": [Function],
    "simulateEvent": [Function],
    "unmount": [Function],
  },
  Symbol(enzyme.__node__): Object {
    "instance": null,
    "key": undefined,
    "nodeType": "class",
    "props": Object {
      "activeOpacity": 0.8,
      "children": <View
        style={
          Array [
            Object {
              "alignItems": "center",
              "borderRadius": 8,
              "justifyContent": "center",
              "marginTop": 21.428571428571427,
              "padding": 21.428571428571427,
            },
            Object {
              "backgroundColor": "#e0e0e0",
            },
            Object {
              "marginTop": 50,
            },
          ]
        }
      >
        <Text
          accessible={true}
          allowFontScaling={true}
          ellipsizeMode="tail"
          style={
            Array [
              Object {
                "color": "#FFFFFF",
                "fontSize": 30,
                "fontWeight": "700",
              },
              Object {
                "color": "#333333",
              },
              Object {
                "fontSize": 20,
              },
            ]
          }
        >
          Lorem
        </Text>
      </View>,
      "onPress": [MockFunction],
    },
    "ref": null,
    "rendered": Object {
      "instance": null,
      "key": undefined,
      "nodeType": "class",
      "props": Object {
        "children": Array [
          <Text
            accessible={true}
            allowFontScaling={true}
            ellipsizeMode="tail"
            style={
              Array [
                Object {
                  "color": "#FFFFFF",
                  "fontSize": 30,
                  "fontWeight": "700",
                },
                Object {
                  "color": "#333333",
                },
                Object {
                  "fontSize": 20,
                },
              ]
            }
          >
            Lorem
          </Text>,
          false,
        ],
        "style": Array [
          Object {
            "alignItems": "center",
            "borderRadius": 8,
            "justifyContent": "center",
            "marginTop": 21.428571428571427,
            "padding": 21.428571428571427,
          },
          Object {
            "backgroundColor": "#e0e0e0",
          },
          Object {
            "marginTop": 50,
          },
        ],
      },
      "ref": null,
      "rendered": Array [
        Object {
          "instance": null,
          "key": undefined,
          "nodeType": "class",
          "props": Object {
            "accessible": true,
            "allowFontScaling": true,
            "children": "Lorem",
            "ellipsizeMode": "tail",
            "style": Array [
              Object {
                "color": "#FFFFFF",
                "fontSize": 30,
                "fontWeight": "700",
              },
              Object {
                "color": "#333333",
              },
              Object {
                "fontSize": 20,
              },
            ],
          },
          "ref": null,
          "rendered": "Lorem",
          "type": [Function],
        },
        false,
      ],
      "type": [Function],
    },
    "type": [Function],
  },
  Symbol(enzyme.__nodes__): Array [
    Object {
      "instance": null,
      "key": undefined,
      "nodeType": "class",
      "props": Object {
        "activeOpacity": 0.8,
        "children": <View
          style={
            Array [
              Object {
                "alignItems": "center",
                "borderRadius": 8,
                "justifyContent": "center",
                "marginTop": 21.428571428571427,
                "padding": 21.428571428571427,
              },
              Object {
                "backgroundColor": "#e0e0e0",
              },
              Object {
                "marginTop": 50,
              },
            ]
          }
        >
          <Text
            accessible={true}
            allowFontScaling={true}
            ellipsizeMode="tail"
            style={
              Array [
                Object {
                  "color": "#FFFFFF",
                  "fontSize": 30,
                  "fontWeight": "700",
                },
                Object {
                  "color": "#333333",
                },
                Object {
                  "fontSize": 20,
                },
              ]
            }
          >
            Lorem
          </Text>
        </View>,
        "onPress": [MockFunction],
      },
      "ref": null,
      "rendered": Object {
        "instance": null,
        "key": undefined,
        "nodeType": "class",
        "props": Object {
          "children": Array [
            <Text
              accessible={true}
              allowFontScaling={true}
              ellipsizeMode="tail"
              style={
                Array [
                  Object {
                    "color": "#FFFFFF",
                    "fontSize": 30,
                    "fontWeight": "700",
                  },
                  Object {
                    "color": "#333333",
                  },
                  Object {
                    "fontSize": 20,
                  },
                ]
              }
            >
              Lorem
            </Text>,
            false,
          ],
          "style": Array [
            Object {
              "alignItems": "center",
              "borderRadius": 8,
              "justifyContent": "center",
              "marginTop": 21.428571428571427,
              "padding": 21.428571428571427,
            },
            Object {
              "backgroundColor": "#e0e0e0",
            },
            Object {
              "marginTop": 50,
            },
          ],
        },
        "ref": null,
        "rendered": Array [
          Object {
            "instance": null,
            "key": undefined,
            "nodeType": "class",
            "props": Object {
              "accessible": true,
              "allowFontScaling": true,
              "children": "Lorem",
              "ellipsizeMode": "tail",
              "style": Array [
                Object {
                  "color": "#FFFFFF",
                  "fontSize": 30,
                  "fontWeight": "700",
                },
                Object {
                  "color": "#333333",
                },
                Object {
                  "fontSize": 20,
                },
              ],
            },
            "ref": null,
            "rendered": "Lorem",
            "type": [Function],
          },
          false,
        ],
        "type": [Function],
      },
      "type": [Function],
    },
  ],
  Symbol(enzyme.__options__): Object {
    "adapter": ReactSixteenAdapter {
      "options": Object {
        "enableComponentDidUpdateOnSetState": true,
        "legacyContextMode": "parent",
        "lifecycles": Object {
          "componentDidUpdate": Object {
            "onSetState": true,
          },
          "getChildContext": Object {
            "calledByRenderer": false,
          },
          "getDerivedStateFromError": true,
          "getDerivedStateFromProps": Object {
            "hasShouldComponentUpdateBug": true,
          },
          "getSnapshotBeforeUpdate": true,
          "setState": Object {
            "skipsComponentDidUpdateOnNullish": true,
          },
        },
      },
    },
    Symbol(enzyme.__providerValues__): undefined,
  },
  Symbol(enzyme.__providerValues__): Map {},
}
`;
